44 [10680] INFO perfrun.launcher <> - Launcher main begin
47 [10680] INFO perfrun.launcher <> - MessageCatalogInit finished
47 [10680] INFO perfrun.launcher <> - Launcher instance created
47 [10680] INFO perfrun.launcher <> - argc = 7; cmdline = C:\Program Files (x86)\Intel\oneAPI\vtune\2026.3\bin64\amplxe-runss.exe --ui-output-format xml --ui-output-fd 872 --option-file C:\Users\akull\Downloads\l1_mshr_raptorlake\ev_n20\config\runsa.options 
62 [10680] INFO perfrun.launcher <> - New signal handler callback was added
88 [10680] INFO perfrun.perfcollector <> - SEP tool path: C:\Program Files (x86)\Intel\oneAPI\vtune\2026.3\bin64\sep.exe
98 [10680] INFO perfrun.launcher <> - create msngr2::ICliToolContext
98 [10680] INFO perfrun.launcher <> - create file finder object
98 [10680] INFO perfrun.launcher <> - create a result directory: pattern = C:\Users\akull\Downloads\l1_mshr_raptorlake\ev_n20 pid = 4294967295
101 [10680] INFO perfrun.launcher <> - create data directory = C:\Users\akull\Downloads\l1_mshr_raptorlake\ev_n20\data.0
101 [10680] INFO perfrun.launcher <> - Creating the master collection flag
107 [10680] INFO perfrun.launcher <> - Done creating the master collection flag
107 [5000] INFO perfrun.launcher <> - plugin [remoteplug] was disabled because it doesn't support the given collection type.
107 [5000] INFO perfrun.sdk <> - Allocating TMU :C:\Users\akull\Downloads\l1_mshr_raptorlake\ev_n20\data.0\systemcollector-13416-AkulComputer.sc
107 [5000] INFO perfrun.launcher <> - plugin [] was disabled because it doesn't support the given collection type.
108 [5000] INFO perfrun.launcher <> - plugin [] was disabled because it doesn't support the given collection type.
108 [5000] INFO perfrun.launcher <> - plugin [gpu] was disabled because it doesn't support the given collection type.
108 [5000] INFO perfrun.launcher <> - plugin [etw.kernel] was disabled because it doesn't support the given collection type.
108 [5000] INFO perfrun.launcher <> - plugin [etw.dx] was disabled because it doesn't support the given collection type.
108 [5000] INFO perfrun.launcher <> - plugin [etw.wsa] was disabled because it doesn't support the given collection type.
108 [5000] INFO perfrun.mrte <> - system-wide mode is 0
109 [5000] INFO perfrun.mrte <> - Getting  mrte profiling environment ...
124 [5000] INFO perfrun.mrte <> - INTEL_MRTE_DATA_DIR=C:\Users\akull\Downloads\l1_mshr_raptorlake\ev_n20\data.0
124 [5000] INFO perfrun.mrte <> - INTEL_MRTE_HOST_NAME=AkulComputer
124 [5000] INFO perfrun.mrte <> - JAVA_TOOL_OPTIONS=-agentlib:amplxe_samplingmrte_javaprof_1.0
124 [5000] INFO perfrun.mrte <> - PATH=C:\Program Files (x86)\Intel\oneAPI\vtune\2026.3\bin32\runtime;C:\Program Files (x86)\Intel\oneAPI\vtune\2026.3\bin64\runtime;C:\Program Files (x86)\Intel\oneAPI\vtune\2026.3\bin64;C:\Program Files\Microsoft Visual Studio\18\Insiders\VC\Tools\MSVC\14.51.36231\bin\HostX64\x64;C:\Program Files\Microsoft Visual Studio\18\Insiders\Common7\IDE\VC\VCPackages;C:\Program Files\Microsoft Visual Studio\18\Insiders\Common7\IDE\CommonExtensions\Microsoft\TestWindow;C:\Program Files\Microsoft Visual Studio\18\Insiders\Common7\IDE\CommonExtensions\Microsoft\TeamFoundation\Team Explorer;C:\Program Files\Microsoft Visual Studio\18\Insiders\MSBuild\Current\bin\Roslyn;C:\Program Files\Microsoft Visual Studio\18\Insiders\Team Tools\DiagnosticsHub\Collector;C:\Program Files\Microsoft Visual Studio\18\Insiders\Common7\IDE\Extensions\Microsoft\CodeCoverage.Console;C:\Program Files (x86)\Windows Kits\10\bin\10.0.26100.0\\x64;C:\Program Files (x86)\Windows Kits\10\bin\\x64;C:\Program Files\Microsoft Visual Studio\18\Insiders\\MSBuild\Current\Bin\amd64;C:\Windows\Microsoft.NET\Framework64\v4.0.30319;C:\Program Files\Microsoft Visual Studio\18\Insiders\Common7\IDE\;C:\Program Files\Microsoft Visual Studio\18\Insiders\Common7\Tools\;C:\Windows\system32;C:\Windows;C:\Windows\System32\Wbem;C:\Windows\System32\WindowsPowerShell\v1.0\;C:\Windows\System32\OpenSSH\;C:\Program Files (x86)\NVIDIA Corporation\PhysX\Common;C:\Program Files\NVIDIA Corporation\NVIDIA App\NvDLISR;C:\Program Files (x86)\Windows Kits\10\Windows Performance Toolkit\;C:\Program Files\Git\cmd;C:\Users\akull\AppData\Local\Microsoft\WindowsApps;C:\Users\akull\AppData\Local\Programs\Microsoft VS Code\bin;C:\iverilog\bin;C:\iverilog\gtkwave\bin;C:\Program Files\Microsoft Visual Studio\18\Insiders\Common7\IDE\CommonExtensions\Microsoft\CMake\CMake\bin;C:\Program Files\Microsoft Visual Studio\18\Insiders\Common7\IDE\CommonExtensions\Microsoft\CMake\Ninja;C:\Program Files\Microsoft Visual Studio\18\Insiders\Common7\IDE\VC\Linux\bin\ConnectionManagerExe;C:\Program Files\Microsoft Visual Studio\18\Insiders\VC\vcpkg
124 [5000] INFO perfrun.mrte <> - COR_ENABLE_PROFILING=1
124 [5000] INFO perfrun.mrte <> - COR_PROFILER={AA5E4821-E3B1-479c-B7FF-5AD047D22CED}
124 [5000] INFO perfrun.mrte <> - COMPLUS_ProfAPI_ProfilerCompatibilitySetting=EnableV2Profiler
124 [5000] INFO perfrun.mrte <> - CORECLR_ENABLE_PROFILING=1
124 [5000] INFO perfrun.mrte <> - CORECLR_PROFILER={AA5E4821-E3B1-479c-B7FF-5AD047D22CED}
124 [5000] INFO perfrun.mrte <> - CORECLR_PROFILER_PATH=C:\Program Files (x86)\Intel\oneAPI\vtune\2026.3\bin64/amplxe_samplingmrte_clrprof_1.0.dll
124 [5000] INFO perfrun.mrte <> - INTEL_MRTE_PROFILER_MODE=mixed
124 [5000] INFO perfrun.mrte <> - Data directory: C:\Users\akull\Downloads\l1_mshr_raptorlake\ev_n20\data.0
124 [5000] INFO perfrun.mrte <> - Mrte plugin is initialized
124 [5000] INFO perfrun.launcher <> - plugin [emon] was disabled because it doesn't support the given collection type.
124 [5000] INFO perfrun.launcher <> - plugin [cuscol] was disabled because it doesn't support the given collection type.
124 [5000] INFO perfrun.launcher <> - plugin [stdsrc] was disabled because it doesn't support the given collection type.
125 [5000] INFO perfrun.sdk <> - runCmd: "C:\Program Files (x86)\Intel\oneAPI\vtune\2026.3\bin64\sep.exe" -dry-run -ec CPU_CLK_UNHALTED.THREAD,CPU_CLK_UNHALTED.REF_TSC,INST_RETIRED.ANY,L1D_PEND_MISS.PENDING,MEMORY_ACTIVITY.CYCLES_L1D_MISS,L1D_PEND_MISS.FB_FULL,MEM_LOAD_COMPLETED.L1_MISS_ANY,DTLB_LOAD_MISSES.WALK_COMPLETED_4K,DTLB_LOAD_MISSES.WALK_COMPLETED_2M_4M -experimental
131 [5000] INFO perfrun.sdk <> - runCmd started PID 17452
285 [5000] INFO perfrun.launcher <> - plugin [vtsspp] was disabled because it doesn't support the given collection type.
285 [5000] INFO perfrun.launcher <> - plugin [perf] was disabled because it doesn't support the given collection type.
285 [5000] INFO perfrun.launcher <> - plugin [aoclprofile] was disabled because it doesn't support the given collection type.
285 [5000] INFO perfrun.tpss <> - initialize tpss controller
285 [5000] INFO perfrun.launcher <> - plugin [tpss] was disabled because it doesn't support the given collection type.
285 [5000] INFO perfrun.launcher <> - plugin [] was disabled because it doesn't support the given collection type.
285 [5000] INFO perfrun.launcher <> - plugin [] was disabled because it doesn't support the given collection type.
285 [5000] INFO perfrun.launcher <> - plugin [] was disabled because it doesn't support the given collection type.
285 [5000] INFO perfrun.launcher <> - plugin [] was disabled because it doesn't support the given collection type.
285 [5000] INFO perfrun.launcher <> - plugin [power] was disabled because it doesn't support the given collection type.
285 [5000] INFO perfrun.launcher <> - plugin [] was disabled because it doesn't support the given collection type.
285 [5000] INFO perfrun.launcher <> - plugin [] was disabled because it doesn't support the given collection type.
285 [5000] INFO perfrun.launcher <> - plugin [] was disabled because it doesn't support the given collection type.
285 [5000] INFO perfrun.launcher <> - plugin [l0_metrics] was disabled because it doesn't support the given collection type.
285 [5000] INFO perfrun.launcher <> - plugin [stall_reasons] was disabled because it doesn't support the given collection type.
286 [10680] INFO perfrun.launcher <> - set environment variable: PATH = C:\Program Files (x86)\Intel\oneAPI\vtune\2026.3\bin32\runtime;C:\Program Files (x86)\Intel\oneAPI\vtune\2026.3\bin64\runtime;C:\Program Files (x86)\Intel\oneAPI\vtune\2026.3\bin64;C:\Program Files\Microsoft Visual Studio\18\Insiders\VC\Tools\MSVC\14.51.36231\bin\HostX64\x64;C:\Program Files\Microsoft Visual Studio\18\Insiders\Common7\IDE\VC\VCPackages;C:\Program Files\Microsoft Visual Studio\18\Insiders\Common7\IDE\CommonExtensions\Microsoft\TestWindow;C:\Program Files\Microsoft Visual Studio\18\Insiders\Common7\IDE\CommonExtensions\Microsoft\TeamFoundation\Team Explorer;C:\Program Files\Microsoft Visual Studio\18\Insiders\MSBuild\Current\bin\Roslyn;C:\Program Files\Microsoft Visual Studio\18\Insiders\Team Tools\DiagnosticsHub\Collector;C:\Program Files\Microsoft Visual Studio\18\Insiders\Common7\IDE\Extensions\Microsoft\CodeCoverage.Console;C:\Program Files (x86)\Windows Kits\10\bin\10.0.26100.0\\x64;C:\Program Files (x86)\Windows Kits\10\bin\\x64;C:\Program Files\Microsoft Visual Studio\18\Insiders\\MSBuild\Current\Bin\amd64;C:\Windows\Microsoft.NET\Framework64\v4.0.30319;C:\Program Files\Microsoft Visual Studio\18\Insiders\Common7\IDE\;C:\Program Files\Microsoft Visual Studio\18\Insiders\Common7\Tools\;C:\Windows\system32;C:\Windows;C:\Windows\System32\Wbem;C:\Windows\System32\WindowsPowerShell\v1.0\;C:\Windows\System32\OpenSSH\;C:\Program Files (x86)\NVIDIA Corporation\PhysX\Common;C:\Program Files\NVIDIA Corporation\NVIDIA App\NvDLISR;C:\Program Files (x86)\Windows Kits\10\Windows Performance Toolkit\;C:\Program Files\Git\cmd;C:\Users\akull\AppData\Local\Microsoft\WindowsApps;C:\Users\akull\AppData\Local\Programs\Microsoft VS Code\bin;C:\iverilog\bin;C:\iverilog\gtkwave\bin;C:\Program Files\Microsoft Visual Studio\18\Insiders\Common7\IDE\CommonExtensions\Microsoft\CMake\CMake\bin;C:\Program Files\Microsoft Visual Studio\18\Insiders\Common7\IDE\CommonExtensions\Microsoft\CMake\Ninja;C:\Program Files\Microsoft Visual Studio\18\Insiders\Common7\IDE\VC\Linux\bin\ConnectionManagerExe;C:\Program Files\Microsoft Visual Studio\18\Insiders\VC\vcpkg
286 [10680] INFO perfrun.launcher <> - set environment variable: INTEL_LIBITTNOTIFY32 = C:\Program Files (x86)\Intel\oneAPI\vtune\2026.3\bin32\runtime\ittnotify_collector.dll
286 [10680] INFO perfrun.launcher <> - set environment variable: INTEL_LIBITTNOTIFY64 = C:\Program Files (x86)\Intel\oneAPI\vtune\2026.3\bin64\runtime\ittnotify_collector.dll
286 [10680] INFO perfrun.launcher <> - set environment variable: INTEL_ITTNOTIFY_GROUPS = 
286 [10680] INFO perfrun.launcher <> - set environment variable: INTEL_JIT_PROFILER32 = C:\Program Files (x86)\Intel\oneAPI\vtune\2026.3\bin32\runtime\ittnotify_collector.dll
286 [10680] INFO perfrun.launcher <> - set environment variable: INTEL_JIT_PROFILER64 = C:\Program Files (x86)\Intel\oneAPI\vtune\2026.3\bin64\runtime\ittnotify_collector.dll
286 [10680] INFO perfrun.launcher <> - set environment variable: CCL_ITT_LEVEL = 1
286 [10680] INFO perfrun.launcher <> - set environment variable: ENABLE_JITPROFILING = 1
286 [10680] INFO perfrun.launcher <> - set environment variable: CL_CONFIG_USE_VTUNE = True
286 [10680] INFO perfrun.launcher <> - set environment variable: KMP_FORKJOIN_FRAMES = 0
286 [10680] INFO perfrun.launcher <> - set environment variable: KMP_FORKJOIN_FRAMES_MODE = 0
286 [10680] INFO perfrun.launcher <> - set environment variable: INTEL_MRTE_DATA_DIR = C:\Users\akull\Downloads\l1_mshr_raptorlake\ev_n20\data.0
286 [10680] INFO perfrun.launcher <> - set environment variable: INTEL_MRTE_HOST_NAME = AkulComputer
286 [10680] INFO perfrun.launcher <> - set environment variable: JAVA_TOOL_OPTIONS = -agentlib:amplxe_samplingmrte_javaprof_1.0
286 [10680] INFO perfrun.launcher <> - set environment variable: PATH = C:\Program Files (x86)\Intel\oneAPI\vtune\2026.3\bin32\runtime;C:\Program Files (x86)\Intel\oneAPI\vtune\2026.3\bin64\runtime;C:\Program Files (x86)\Intel\oneAPI\vtune\2026.3\bin64;C:\Program Files\Microsoft Visual Studio\18\Insiders\VC\Tools\MSVC\14.51.36231\bin\HostX64\x64;C:\Program Files\Microsoft Visual Studio\18\Insiders\Common7\IDE\VC\VCPackages;C:\Program Files\Microsoft Visual Studio\18\Insiders\Common7\IDE\CommonExtensions\Microsoft\TestWindow;C:\Program Files\Microsoft Visual Studio\18\Insiders\Common7\IDE\CommonExtensions\Microsoft\TeamFoundation\Team Explorer;C:\Program Files\Microsoft Visual Studio\18\Insiders\MSBuild\Current\bin\Roslyn;C:\Program Files\Microsoft Visual Studio\18\Insiders\Team Tools\DiagnosticsHub\Collector;C:\Program Files\Microsoft Visual Studio\18\Insiders\Common7\IDE\Extensions\Microsoft\CodeCoverage.Console;C:\Program Files (x86)\Windows Kits\10\bin\10.0.26100.0\\x64;C:\Program Files (x86)\Windows Kits\10\bin\\x64;C:\Program Files\Microsoft Visual Studio\18\Insiders\\MSBuild\Current\Bin\amd64;C:\Windows\Microsoft.NET\Framework64\v4.0.30319;C:\Program Files\Microsoft Visual Studio\18\Insiders\Common7\IDE\;C:\Program Files\Microsoft Visual Studio\18\Insiders\Common7\Tools\;C:\Windows\system32;C:\Windows;C:\Windows\System32\Wbem;C:\Windows\System32\WindowsPowerShell\v1.0\;C:\Windows\System32\OpenSSH\;C:\Program Files (x86)\NVIDIA Corporation\PhysX\Common;C:\Program Files\NVIDIA Corporation\NVIDIA App\NvDLISR;C:\Program Files (x86)\Windows Kits\10\Windows Performance Toolkit\;C:\Program Files\Git\cmd;C:\Users\akull\AppData\Local\Microsoft\WindowsApps;C:\Users\akull\AppData\Local\Programs\Microsoft VS Code\bin;C:\iverilog\bin;C:\iverilog\gtkwave\bin;C:\Program Files\Microsoft Visual Studio\18\Insiders\Common7\IDE\CommonExtensions\Microsoft\CMake\CMake\bin;C:\Program Files\Microsoft Visual Studio\18\Insiders\Common7\IDE\CommonExtensions\Microsoft\CMake\Ninja;C:\Program Files\Microsoft Visual Studio\18\Insiders\Common7\IDE\VC\Linux\bin\ConnectionManagerExe;C:\Program Files\Microsoft Visual Studio\18\Insiders\VC\vcpkg
286 [10680] INFO perfrun.launcher <> - set environment variable: COR_ENABLE_PROFILING = 1
286 [10680] INFO perfrun.launcher <> - set environment variable: COR_PROFILER = {AA5E4821-E3B1-479c-B7FF-5AD047D22CED}
286 [10680] INFO perfrun.launcher <> - set environment variable: COMPLUS_ProfAPI_ProfilerCompatibilitySetting = EnableV2Profiler
286 [10680] INFO perfrun.launcher <> - set environment variable: CORECLR_ENABLE_PROFILING = 1
287 [10680] INFO perfrun.launcher <> - set environment variable: CORECLR_PROFILER = {AA5E4821-E3B1-479c-B7FF-5AD047D22CED}
287 [10680] INFO perfrun.launcher <> - set environment variable: CORECLR_PROFILER_PATH = C:\Program Files (x86)\Intel\oneAPI\vtune\2026.3\bin64/amplxe_samplingmrte_clrprof_1.0.dll
287 [10680] INFO perfrun.launcher <> - set environment variable: INTEL_MRTE_PROFILER_MODE = mixed
287 [10680] INFO perfrun.launcher <> - RpcServer: run RPC server to handle requests
299 [10680] INFO perfrun.sdk <> - IProcessUtil: the given executable 'mlp_chase_itt.exe' is valid.
299 [10680] INFO perfrun.launcher <> - Launcher: command line to start before modification = mlp_chase_itt.exe 20
299 [10680] INFO perfrun.launcher <> - Launcher: command line to start after modification = mlp_chase_itt.exe 20
300 [10680] INFO perfrun.launcher <> - ProcessCreator object was created
312 [10680] INFO perfrun.launcher <> - Launcher: the process was started in suspend mode
312 [5000] INFO perfrun.itt <> - pause itt controller
312 [5000] WARN perfrun.launcher <> - Messenger::say: Pause command is not supported for managed code profiling. Runtime overhead is still possible. Data size limit may be exceeded.
313 [5000] INFO perfrun.sep <> - collection is not started
314 [5000] WARN perfrun.system <> - Only 2 usec accuracy achieved for reference point, at file: vcs\perfrun1\plugins\system\src\trace_writer.cpp:324
314 [5000] INFO perfrun.itt <> - start itt controller for pid #13348
315 [5000] INFO perfrun.sdk <> - runCmd: "C:\Program Files (x86)\Intel\oneAPI\vtune\2026.3\bin64\sep.exe" -start -experimental -uem timer=10 -em factor=5 -sp -p-state trigger=CPU_CLK_UNHALTED.REF_TSC -out C:\Users\akull\Downloads\l1_mshr_raptorlake\ev_n20\data.0\sep1388.20260922T012111.633495 -ec INST_RETIRED.ANY,CPU_CLK_UNHALTED.THREAD,CPU_CLK_UNHALTED.REF_TSC,L1D_PEND_MISS.PENDING,MEMORY_ACTIVITY.CYCLES_L1D_MISS,L1D_PEND_MISS.FB_FULL,MEM_LOAD_COMPLETED.L1_MISS_ANY,DTLB_LOAD_MISSES.WALK_COMPLETED_4K,DTLB_LOAD_MISSES.WALK_COMPLETED_2M_4M, -d 0 -uem factor=10
321 [5000] INFO perfrun.sdk <> - runCmd started PID 23812
822 [10680] INFO perfrun.launcher <> - Launcher: all plugins were started
822 [10680] INFO perfrun.launcher <> - DirectoryMonitor object was created
823 [10680] INFO perfrun.launcher <> - DirectoryMonitor: a callback was added
823 [10680] INFO perfrun.launcher <> - DirectoryMonitor was started with pingTime = 1000
823 [10680] INFO perfrun.launcher <> - DeadlineTimer is going to be constructed
825 [10680] INFO perfrun.launcher <> - DeadlineTimer: a callback was added
834 [10680] INFO perfrun.launcher <> - Launcher: resume the profiled application and  wait its termination or stop command
1469 [5000] INFO perfrun.itt <> - resume itt controller
1469 [5000] INFO perfrun.sdk <> - runCmd: "C:\Program Files (x86)\Intel\oneAPI\vtune\2026.3\bin64\sep.exe" -resume
1473 [5000] INFO perfrun.sdk <> - runCmd started PID 15720
1622 [5000] INFO perfrun.sepdk <> - 
3039 [5000] INFO perfrun.itt <> - pause itt controller
3039 [5000] INFO perfrun.sdk <> - runCmd: "C:\Program Files (x86)\Intel\oneAPI\vtune\2026.3\bin64\sep.exe" -pause
3044 [5000] INFO perfrun.sdk <> - runCmd started PID 25328
3138 [5000] INFO perfrun.sepdk <> - 
3141 [10680] INFO perfrun.launcher <> - Launcher: the profiled application was terminated  with exit code = 0
3165 [5000] INFO perfrun.itt <> - detach itt controller
3165 [5000] INFO perfrun.itt <> - detach itt controller done
3165 [5000] INFO perfrun.sdk <> - runCmd: "C:\Program Files (x86)\Intel\oneAPI\vtune\2026.3\bin64\sep.exe" -stop
3176 [5000] INFO perfrun.sdk <> - runCmd started PID 18632
9123 [5000] INFO perfrun.sepdk <> - Sampling successfully stopped.

9123 [5000] INFO perfrun.sepdk <> - Waiting for main SEP process (23812) to finish...
9123 [5000] INFO perfrun.sepdk <> - Main SEP process finished
9123 [5000] INFO perfrun.sdk <> - De-allocating TMU: C:\Users\akull\Downloads\l1_mshr_raptorlake\ev_n20\data.0\systemcollector-13416-AkulComputer.sc
9136 [5000] INFO perfrun.system <> - closed the system trace file: C:\Users\akull\Downloads\l1_mshr_raptorlake\ev_n20\data.0\systemcollector-13416-AkulComputer.sc
9136 [10680] INFO perfrun.launcher <> - Launcher: all plugins were stopped.
9136 [10680] INFO perfrun.launcher <> - DeadlineTimer is going to be destroyed
9136 [10680] INFO perfrun.launcher <> - DeadlineTimer was destroyed
9137 [10680] INFO perfrun.launcher <> - DirectoryMonitor object was destroyed
9137 [10680] WARN perfrun.launcher <> - Stop command is ignored because it is received when collection is already stopped, at file: vcs\perfrun1\launcher\src\command_handler.cpp:226
9140 [10680] INFO perfrun.launcher <> - Application exit code: 0
9140 [10680] INFO perfrun.launcher <> - Exit code: 0
